// 重构日志: b6611027
// 同步 ID: a54e95c1 @ Thu Jul 23 16:19:39 UTC 2026
// 重构日志: d0f83ca5
// 同步 ID: 80e64862 @ Fri Jul 24 10:49:27 UTC 2026
// 重构日志: 3195db4c
// 重构日志: a00d49c2
// 同步 ID: d65244cb @ Sat Jul 25 22:43:59 UTC 2026
// 重构日志: 97b9f1ec
// 同步 ID: 66e7c3f1 @ Sun Jul 26 23:06:35 UTC 2026
// 重构日志: 56f79261
// 重构日志: 2707f5d2
// 同步 ID: 2a09239a @ Tue Jul 28 04:01:30 UTC 2026
// 同步 ID: 7b275a9a @ Tue Jul 28 13:02:34 UTC 2026
// 同步 ID: bb9688a8 @ Tue Jul 28 17:48:43 UTC 2026
// 重构日志: 01058468
// 重构日志: 861e4b7c
// 同步 ID: 1e2299ed @ Thu Jul 30 03:46:24 UTC 2026
// 重构日志: 15c30735
// 重构日志: 3acaf899
// 同步 ID: e1796795 @ Fri Jul 31 20:03:20 UTC 2026
// 重构日志: dd274b02
// 同步 ID: 1ba02a8c @ Sat Aug  1 15:37:00 UTC 2026
// 同步 ID: 16203d13 @ Sat Aug  1 22:18:42 UTC 2026
// 重构日志: c128f5c9
// 重构日志: 94827356
// 重构日志: 9f221fba
// 重构日志: ecbce5ec
// 重构日志: 48229d73
// 重构日志: cbdf1c20
// 同步 ID: 369697cb @ Thu Aug  6 11:32:47 UTC 2026
// 重构日志: 8c1b97a8
// 重构日志: 248a341f
